{
  "version": "1.5.0",
  "plugins_used": [
    {
      "name": "ArtifactoryDetector"
    },
    {
      "name": "AWSKeyDetector"
    },
    {
      "name": "AzureStorageKeyDetector"
    },
    {
      "name": "Base64HighEntropyString",
      "limit": 4.5
    },
    {
      "name": "BasicAuthDetector"
    },
    {
      "name": "CloudantDetector"
    },
    {
      "name": "DiscordBotTokenDetector"
    },
    {
      "name": "GitHubTokenDetector"
    },
    {
      "name": "GitLabTokenDetector"
    },
    {
      "name": "HexHighEntropyString",
      "limit": 3.0
    },
    {
      "name": "IbmCloudIamDetector"
    },
    {
      "name": "IbmCosHmacDetector"
    },
    {
      "name": "IPPublicDetector"
    },
    {
      "name": "JwtTokenDetector"
    },
    {
      "name": "KeywordDetector",
      "keyword_exclude": ""
    },
    {
      "name": "MailchimpDetector"
    },
    {
      "name": "NpmDetector"
    },
    {
      "name": "OpenAIDetector"
    },
    {
      "name": "PrivateKeyDetector"
    },
    {
      "name": "PypiTokenDetector"
    },
    {
      "name": "SendGridDetector"
    },
    {
      "name": "SlackDetector"
    },
    {
      "name": "SoftlayerDetector"
    },
    {
      "name": "SquareOAuthDetector"
    },
    {
      "name": "StripeDetector"
    },
    {
      "name": "TelegramBotTokenDetector"
    },
    {
      "name": "TwilioKeyDetector"
    }
  ],
  "filters_used": [
    {
      "path": "detect_secrets.filters.allowlist.is_line_allowlisted"
    },
    {
      "path": "detect_secrets.filters.common.is_baseline_file",
      "filename": ".secrets.baseline"
    },
    {
      "path": "detect_secrets.filters.common.is_ignored_due_to_verification_policies",
      "min_level": 2
    },
    {
      "path": "detect_secrets.filters.heuristic.is_indirect_reference"
    },
    {
      "path": "detect_secrets.filters.heuristic.is_likely_id_string"
    },
    {
      "path": "detect_secrets.filters.heuristic.is_lock_file"
    },
    {
      "path": "detect_secrets.filters.heuristic.is_not_alphanumeric_string"
    },
    {
      "path": "detect_secrets.filters.heuristic.is_potential_uuid"
    },
    {
      "path": "detect_secrets.filters.heuristic.is_prefixed_with_dollar_sign"
    },
    {
      "path": "detect_secrets.filters.heuristic.is_sequential_string"
    },
    {
      "path": "detect_secrets.filters.heuristic.is_swagger_file"
    },
    {
      "path": "detect_secrets.filters.heuristic.is_templated_secret"
    }
  ],
  "results": {
    "docs/src/integrations/langgraph.md": [
      {
        "type": "Secret Keyword",
        "filename": "docs/src/integrations/langgraph.md",
        "hashed_secret": "ec3810e10fb78db55ce38b9c18d1c3eb1db739e0",
        "is_verified": false,
        "line_number": 172
      },
      {
        "type": "Secret Keyword",
        "filename": "docs/src/integrations/langgraph.md",
        "hashed_secret": "c7a8c334eef5d1749fface7d42c66f9ae5e8cf36",
        "is_verified": false,
        "line_number": 184
      }
    ],
    "src/sondera/proto/sondera/harness/v1/policy_pack_pb2.py": [
      {
        "type": "Base64 High Entropy String",
        "filename": "src/sondera/proto/sondera/harness/v1/policy_pack_pb2.py",
        "hashed_secret": "25ae487c0563d578b333d94a40fc8d1db8342aa2",
        "is_verified": false,
        "line_number": 28
      }
    ],
    "src/sondera/tui/ai/tools.py": [
      {
        "type": "Secret Keyword",
        "filename": "src/sondera/tui/ai/tools.py",
        "hashed_secret": "737337f059377eefba82d228166683ac189209c9",
        "is_verified": false,
        "line_number": 46
      }
    ],
    "tests/test_harness.py": [
      {
        "type": "Secret Keyword",
        "filename": "tests/test_harness.py",
        "hashed_secret": "4197969cb867f424a11195dcc3fffa9d6c9f47b4",
        "is_verified": false,
        "line_number": 29
      },
      {
        "type": "Secret Keyword",
        "filename": "tests/test_harness.py",
        "hashed_secret": "2e7a7ee14caebf378fc32d6cf6f557f347c96773",
        "is_verified": false,
        "line_number": 37
      },
      {
        "type": "Secret Keyword",
        "filename": "tests/test_harness.py",
        "hashed_secret": "b894b81be94cf8fa8d7536475aaec876addf05c8",
        "is_verified": false,
        "line_number": 38
      },
      {
        "type": "Secret Keyword",
        "filename": "tests/test_harness.py",
        "hashed_secret": "5e25ce007aa95ea2ea8b158aee9c630a32ea5616",
        "is_verified": false,
        "line_number": 69
      },
      {
        "type": "Secret Keyword",
        "filename": "tests/test_harness.py",
        "hashed_secret": "80fe5132cd81cd2255646987f59b064522ea6ee2",
        "is_verified": false,
        "line_number": 113
      },
      {
        "type": "Secret Keyword",
        "filename": "tests/test_harness.py",
        "hashed_secret": "3acfd1d28ed426dd433d1ad3063288a78fbadee5",
        "is_verified": false,
        "line_number": 136
      },
      {
        "type": "Secret Keyword",
        "filename": "tests/test_harness.py",
        "hashed_secret": "1249700ee56f0a1db4d69012709f716b368260fa",
        "is_verified": false,
        "line_number": 161
      },
      {
        "type": "Secret Keyword",
        "filename": "tests/test_harness.py",
        "hashed_secret": "1a32aa9bca4316bc265919a05135906c3952fb77",
        "is_verified": false,
        "line_number": 197
      },
      {
        "type": "Secret Keyword",
        "filename": "tests/test_harness.py",
        "hashed_secret": "ba755f4997e4977b0d792d3991303c5465cb2dde",
        "is_verified": false,
        "line_number": 231
      },
      {
        "type": "Secret Keyword",
        "filename": "tests/test_harness.py",
        "hashed_secret": "882f088474801421c0c10ff13be14d87bd4730c0",
        "is_verified": false,
        "line_number": 273
      },
      {
        "type": "Secret Keyword",
        "filename": "tests/test_harness.py",
        "hashed_secret": "b3005a5b9d659e74a739629dcda6137273f01557",
        "is_verified": false,
        "line_number": 291
      },
      {
        "type": "Secret Keyword",
        "filename": "tests/test_harness.py",
        "hashed_secret": "a258a3c35f9cc93583ff46fcf7620590ee3a95b1",
        "is_verified": false,
        "line_number": 309
      }
    ]
  },
  "generated_at": "2026-02-26T13:55:03Z"
}
